>>> import sys
>>> sys.path.append('../')
>>> print_square = __import__('4-print_square').print_square
>>> print_square(4)
####
####
####
####
>>> print_square("2") #doctest: +ELLIPSIS
Traceback (most recent call last):
...
	raise: TypeError("size must be an integer")
TypeError: size must be an integer
>>> print_square(-4) #doctest: +ELLIPSIS
Traceback (most recent call last):
...
	raise: ValueError("size must be >= 0")
ValueError: size must be >= 0
>>> print_square(5.3)
#####
#####
#####
#####
#####
>>> print_square(-3.2) #doctest: +ELLIPSIS
Traceback (most recent call last):
...
	raise: TypeError("size must be an integer")
TypeError: size must be an integer
>>> print_square(float('NaN')) #doctest: +ELLIPSIS
Traceback (most recent call last):
...
ValueError: ...
>>> print_square(float('inf')) #doctest: +ELLIPSIS
Traceback (most recent call last):
...
OverflowError: ...
